=== worktree add /tmp/eklio-audit-db8c43b at db8c43b ===
Preparing worktree (detached HEAD db8c43b)
HEAD is now at db8c43b docs: variables d'e-mail et de cron dans le tableau du README
=== npm ci ===

added 417 packages, and audited 418 packages in 18s

164 packages are looking for funding
  run `npm fund` for details

found 0 vulnerabilities
npm warn allow-scripts 1 package has install scripts not yet covered by allowScripts:
npm warn allow-scripts   unrs-resolver@1.12.2 (postinstall: node postinstall.js)
npm warn allow-scripts
npm warn allow-scripts Run `npm approve-scripts --allow-scripts-pending` to review, or `npm approve-scripts <pkg>` to allow.
=== npm run build in worktree ===
├ ○ /dev/ui
├ ƒ /login
├ ○ /pricing
├ ○ /signup
└ ○ /signup/check-your-email


ƒ Proxy (Middleware)

○  (Static)   prerendered as static content
ƒ  (Dynamic)  server-rendered on demand

BUILD_EXIT=0
